
G:\CrevHim\Code\software\test\testall\flask-service>call python app.py 
'python' is not recognized as an internal or external command,
operable program or batch file.

G:\CrevHim\Code\software\test\testall\flask-service>call python app.py 
'python' is not recognized as an internal or external command,
operable program or batch file.

G:\CrevHim\Code\software\test\testall\flask-service>call python app.py 
'python' is not recognized as an internal or external command,
operable program or batch file.

G:\CrevHim\Code\software\test\testall\flask-service>call python app.py 
'python' is not recognized as an internal or external command,
operable program or batch file.

G:\CrevHim\Code\software\test\testall\flask-service>call python app.py 
'python' is not recognized as an internal or external command,
operable program or batch file.

G:\CrevHim\Code\software\test\testall\flask-service>call python app.py 
'python' is not recognized as an internal or external command,
operable program or batch file.

G:\CrevHim\Code\software\test\testall\flask-service>call python app.py 
'python' is not recognized as an internal or external command,
operable program or batch file.

G:\CrevHim\Code\software\test\testall\flask-service>call python app.py 
'python' is not recognized as an internal or external command,
operable program or batch file.

G:\CrevHim\Code\software\test\testall\flask-service>call python app.py 
'python' is not recognized as an internal or external command,
operable program or batch file.

G:\CrevHim\Code\software\test\testall\flask-service>call python app.py 
'python' is not recognized as an internal or external command,
operable program or batch file.

G:\CrevHim\Code\software\test\testall\flask-service>call python app.py 
'python' is not recognized as an internal or external command,
operable program or batch file.

G:\CrevHim\Code\software\test\testall\flask-service>call python app.py 
'python' is not recognized as an internal or external command,
operable program or batch file.

G:\CrevHim\Code\software\test\testall\flask-service>call python app.py 
'python' is not recognized as an internal or external command,
operable program or batch file.

G:\CrevHim\Code\software\test\testall\flask-service>call python app.py 
'python' is not recognized as an internal or external command,
operable program or batch file.

G:\CrevHim\Code\software\test\testall\flask-service>call python app.py 
'python' is not recognized as an internal or external command,
operable program or batch file.

G:\CrevHim\Code\software\test\testall\flask-service>call python app.py 
'python' is not recognized as an internal or external command,
operable program or batch file.

G:\CrevHim\Code\software\test\testall\flask-service>call python app.py 
'python' is not recognized as an internal or external command,
operable program or batch file.

G:\CrevHim\Code\software\test\testall\flask-service>call python app.py 
 * Serving Flask app 'app'
 * Debug mode: on
WARNING: This is a development server. Do not use it in a production deployment. Use a production WSGI server instead.
 * Running on all addresses (0.0.0.0)
 * Running on http://127.0.0.1:50100
 * Running on http://192.168.1.253:50100
Press CTRL+C to quit
 * Restarting with stat
 * Debugger is active!
 * Debugger PIN: 181-708-871
127.0.0.1 - - [29/Mar/2023 12:24:32] "GET / HTTP/1.1" 200 -
127.0.0.1 - - [29/Mar/2023 12:24:33] "GET / HTTP/1.1" 200 -
127.0.0.1 - - [29/Mar/2023 12:24:33] "GET / HTTP/1.1" 200 -
127.0.0.1 - - [29/Mar/2023 12:24:34] "GET / HTTP/1.1" 200 -
Terminate batch job (Y/N)? 
G:\CrevHim\Code\software\test\testall\flask-service>call python app.py 
 * Serving Flask app 'app'
 * Debug mode: on
WARNING: This is a development server. Do not use it in a production deployment. Use a production WSGI server instead.
 * Running on all addresses (0.0.0.0)
 * Running on http://127.0.0.1:50100
 * Running on http://192.168.1.253:50100
Press CTRL+C to quit
 * Restarting with stat
 * Debugger is active!
 * Debugger PIN: 181-708-871

G:\CrevHim\Code\software\test\testall\flask-service>call python app.py 
 * Serving Flask app 'app'
 * Debug mode: on
WARNING: This is a development server. Do not use it in a production deployment. Use a production WSGI server instead.
 * Running on all addresses (0.0.0.0)
 * Running on http://127.0.0.1:50100
 * Running on http://192.168.1.253:50100
Press CTRL+C to quit
 * Restarting with stat
 * Debugger is active!
 * Debugger PIN: 181-708-871

G:\CrevHim\Code\software\test\testall\flask-service>call python app.py 
 * Serving Flask app 'app'
 * Debug mode: on
WARNING: This is a development server. Do not use it in a production deployment. Use a production WSGI server instead.
 * Running on all addresses (0.0.0.0)
 * Running on http://127.0.0.1:50100
 * Running on http://192.168.1.253:50100
Press CTRL+C to quit
 * Restarting with stat
 * Debugger is active!
 * Debugger PIN: 181-708-871

G:\CrevHim\Code\software\test\testall\flask-service>call python app.py 
 * Serving Flask app 'app'
 * Debug mode: on
WARNING: This is a development server. Do not use it in a production deployment. Use a production WSGI server instead.
 * Running on all addresses (0.0.0.0)
 * Running on http://127.0.0.1:50100
 * Running on http://192.168.1.253:50100
Press CTRL+C to quit
 * Restarting with stat
 * Debugger is active!
 * Debugger PIN: 181-708-871

G:\CrevHim\Code\software\test\testall\flask-service>call python app.py 
 * Serving Flask app 'app'
 * Debug mode: on
WARNING: This is a development server. Do not use it in a production deployment. Use a production WSGI server instead.
 * Running on all addresses (0.0.0.0)
 * Running on http://127.0.0.1:50100
 * Running on http://192.168.1.253:50100
Press CTRL+C to quit
 * Restarting with stat
 * Debugger is active!
 * Debugger PIN: 181-708-871
Exception in thread Thread-1:
Traceback (most recent call last):
  File "C:\Users\rhohi\AppData\Local\Programs\Python\Python38\lib\threading.py", line 932, in _bootstrap_inner
    self.run()
  File "C:\Users\rhohi\AppData\Local\Programs\Python\Python38\lib\threading.py", line 870, in run
    self._target(*self._args, **self._kwargs)
  File "C:\Users\rhohi\AppData\Local\Programs\Python\Python38\lib\site-packages\werkzeug\serving.py", line 766, in serve_forever

G:\CrevHim\Code\software\test\testall\flask-service>call python app.py 
 * Serving Flask app 'app'
 * Debug mode: on
WARNING: This is a development server. Do not use it in a production deployment. Use a production WSGI server instead.
 * Running on all addresses (0.0.0.0)
 * Running on http://127.0.0.1:50100
 * Running on http://192.168.1.253:50100
Press CTRL+C to quit
 * Restarting with stat
 * Debugger is active!
 * Debugger PIN: 181-708-871
Terminate batch job (Y/N)? 
G:\CrevHim\Code\software\test\testall\flask-service>call python app.py 
 * Serving Flask app 'app'
 * Debug mode: on
WARNING: This is a development server. Do not use it in a production deployment. Use a production WSGI server instead.
 * Running on all addresses (0.0.0.0)
 * Running on http://127.0.0.1:50100
 * Running on http://192.168.1.253:50100
Press CTRL+C to quit
 * Restarting with stat
 * Debugger is active!
 * Debugger PIN: 181-708-871
Terminate batch job (Y/N)? 
G:\CrevHim\Code\software\test\testall\flask-service>call python app.py 
 * Serving Flask app 'app'
 * Debug mode: on
WARNING: This is a development server. Do not use it in a production deployment. Use a production WSGI server instead.
 * Running on all addresses (0.0.0.0)
 * Running on http://127.0.0.1:50100
 * Running on http://192.168.1.253:50100
Press CTRL+C to quit
 * Restarting with stat
 * Debugger is active!
 * Debugger PIN: 181-708-871
Terminate batch job (Y/N)? 
G:\CrevHim\Code\software\test\testall\flask-service>call python app.py 
 * Serving Flask app 'app'
 * Debug mode: on
WARNING: This is a development server. Do not use it in a production deployment. Use a production WSGI server instead.
 * Running on all addresses (0.0.0.0)
 * Running on http://127.0.0.1:50100
 * Running on http://127.0.0.1:50100
Press CTRL+C to quit
 * Restarting with stat
 * Debugger is active!
 * Debugger PIN: 181-708-871
Terminate batch job (Y/N)? 
G:\CrevHim\Code\software\test\testall\flask-service>call python app.py 
 * Serving Flask app 'app'
 * Debug mode: on
WARNING: This is a development server. Do not use it in a production deployment. Use a production WSGI server instead.
 * Running on all addresses (0.0.0.0)
 * Running on http://127.0.0.1:50100
 * Running on http://192.168.1.253:50100
Press CTRL+C to quit
 * Restarting with stat
 * Debugger is active!
 * Debugger PIN: 181-708-871

G:\CrevHim\Code\software\test\testall\flask-service>call python app.py 
 * Serving Flask app 'app'
 * Debug mode: on
WARNING: This is a development server. Do not use it in a production deployment. Use a production WSGI server instead.
 * Running on all addresses (0.0.0.0)
 * Running on http://127.0.0.1:50100
 * Running on http://192.168.1.253:50100
Press CTRL+C to quit
 * Restarting with stat
 * Debugger is active!
 * Debugger PIN: 181-708-871
Terminate batch job (Y/N)? 
G:\CrevHim\Code\software\test\testall\flask-service>call python app.py 
 * Serving Flask app 'app'
 * Debug mode: on
WARNING: This is a development server. Do not use it in a production deployment. Use a production WSGI server instead.
 * Running on all addresses (0.0.0.0)
 * Running on http://127.0.0.1:50100
 * Running on http://192.168.1.253:50100
Press CTRL+C to quit
 * Restarting with stat
 * Debugger is active!
 * Debugger PIN: 181-708-871
Terminate batch job (Y/N)? 
G:\CrevHim\Code\software\test\testall\flask-service>call python app.py 
 * Serving Flask app 'app'
 * Debug mode: on
WARNING: This is a development server. Do not use it in a production deployment. Use a production WSGI server instead.
 * Running on all addresses (0.0.0.0)
 * Running on http://127.0.0.1:50100
 * Running on http://192.168.1.253:50100
Press CTRL+C to quit
 * Restarting with stat
 * Debugger is active!
 * Debugger PIN: 181-708-871
Exception in thread Thread-1:
Traceback (most recent call last):
  File "C:\Users\rhohi\AppData\Local\Programs\Python\Python38\lib\threading.py", line 932, in _bootstrap_inner

G:\CrevHim\Code\software\test\testall\flask-service>call python app.py 
 * Serving Flask app 'app'
 * Debug mode: on
WARNING: This is a development server. Do not use it in a production deployment. Use a production WSGI server instead.
 * Running on all addresses (0.0.0.0)
 * Running on http://127.0.0.1:50100
 * Running on http://192.168.1.253:50100
Press CTRL+C to quit
 * Restarting with stat
 * Debugger is active!
 * Debugger PIN: 181-708-871

G:\CrevHim\Code\software\test\testall\flask-service>call python app.py 
 * Serving Flask app 'app'
 * Debug mode: on
WARNING: This is a development server. Do not use it in a production deployment. Use a production WSGI server instead.
 * Running on all addresses (0.0.0.0)
 * Running on http://127.0.0.1:50100
 * Running on http://192.168.1.253:50100
Press CTRL+C to quit
 * Restarting with stat
 * Debugger is active!
 * Debugger PIN: 181-708-871

G:\CrevHim\Code\software\test\testall\flask-service>call python app.py 
 * Serving Flask app 'app'
 * Debug mode: on
WARNING: This is a development server. Do not use it in a production deployment. Use a production WSGI server instead.
 * Running on all addresses (0.0.0.0)
 * Running on http://127.0.0.1:50100
 * Running on http://192.168.1.253:50100
Press CTRL+C to quit
 * Restarting with stat
 * Debugger is active!
 * Debugger PIN: 181-708-871
Terminate batch job (Y/N)? 
G:\CrevHim\Code\software\test\testall\flask-service>call python app.py 
 * Serving Flask app 'app'
 * Debug mode: on
WARNING: This is a development server. Do not use it in a production deployment. Use a production WSGI server instead.
 * Running on all addresses (0.0.0.0)
 * Running on http://127.0.0.1:50100
 * Running on http://192.168.1.253:50100
Press CTRL+C to quit
 * Restarting with stat
 * Debugger is active!
 * Debugger PIN: 588-379-085
Terminate batch job (Y/N)? 
G:\CrevHim\Code\software\test\testall\flask-service>call python app.py 
 * Serving Flask app 'app'
 * Debug mode: on
WARNING: This is a development server. Do not use it in a production deployment. Use a production WSGI server instead.
 * Running on all addresses (0.0.0.0)
 * Running on http://127.0.0.1:50100
 * Running on http://192.168.1.253:50100
Press CTRL+C to quit
 * Restarting with stat
 * Debugger is active!
 * Debugger PIN: 588-379-085

G:\CrevHim\Code\software\test\testall\flask-service>call python app.py 
 * Serving Flask app 'app'
 * Debug mode: on
WARNING: This is a development server. Do not use it in a production deployment. Use a production WSGI server instead.
 * Running on all addresses (0.0.0.0)
 * Running on http://127.0.0.1:50100
 * Running on http://192.168.1.253:50100
Press CTRL+C to quit
 * Restarting with stat
 * Debugger is active!
 * Debugger PIN: 181-708-871

G:\CrevHim\Code\software\test\testall\flask-service>call python app.py 
 * Serving Flask app 'app'
 * Debug mode: on
WARNING: This is a development server. Do not use it in a production deployment. Use a production WSGI server instead.
 * Running on all addresses (0.0.0.0)
 * Running on http://127.0.0.1:50100
 * Running on http://192.168.1.253:50100
Press CTRL+C to quit
 * Restarting with stat
 * Debugger is active!
 * Debugger PIN: 181-708-871

G:\CrevHim\Code\software\test\testall\flask-service>call python app.py 
 * Serving Flask app 'app'
 * Debug mode: on
WARNING: This is a development server. Do not use it in a production deployment. Use a production WSGI server instead.
 * Running on all addresses (0.0.0.0)
 * Running on http://127.0.0.1:50100
 * Running on http://192.168.1.253:50100
Press CTRL+C to quit
 * Restarting with stat
 * Debugger is active!
 * Debugger PIN: 588-379-085
Terminate batch job (Y/N)? 
G:\CrevHim\Code\software\test\testall\flask-service>call python app.py 
 * Serving Flask app 'app'
 * Debug mode: on
WARNING: This is a development server. Do not use it in a production deployment. Use a production WSGI server instead.
 * Running on all addresses (0.0.0.0)
 * Running on http://127.0.0.1:50100
 * Running on http://192.168.1.253:50100
Press CTRL+C to quit
 * Restarting with stat
 * Debugger is active!
 * Debugger PIN: 181-708-871
Terminate batch job (Y/N)? 
G:\CrevHim\Code\software\test\testall\flask-service>call python app.py 
 * Serving Flask app 'app'
 * Debug mode: on
WARNING: This is a development server. Do not use it in a production deployment. Use a production WSGI server instead.
 * Running on all addresses (0.0.0.0)
 * Running on http://127.0.0.1:50100
 * Running on http://192.168.1.253:50100
Press CTRL+C to quit
 * Restarting with stat
 * Debugger is active!
 * Debugger PIN: 181-708-871
Terminate batch job (Y/N)? 
G:\CrevHim\Code\software\test\testall\flask-service>call python app.py 
 * Serving Flask app 'app'
 * Debug mode: on
WARNING: This is a development server. Do not use it in a production deployment. Use a production WSGI server instead.
 * Running on all addresses (0.0.0.0)
 * Running on http://127.0.0.1:50100
 * Running on http://192.168.1.253:50100
Press CTRL+C to quit
 * Restarting with stat
 * Debugger is active!
 * Debugger PIN: 181-708-871

G:\CrevHim\Code\software\test\testall\flask-service>call python app.py 
 * Serving Flask app 'app'
 * Debug mode: on
WARNING: This is a development server. Do not use it in a production deployment. Use a production WSGI server instead.
 * Running on all addresses (0.0.0.0)
 * Running on http://127.0.0.1:50100
 * Running on http://192.168.1.253:50100
Press CTRL+C to quit
 * Restarting with stat
 * Debugger is active!
 * Debugger PIN: 181-708-871

G:\CrevHim\Code\software\test\testall\flask-service>call python app.py 
 * Serving Flask app 'app'
 * Debug mode: on
WARNING: This is a development server. Do not use it in a production deployment. Use a production WSGI server instead.
 * Running on all addresses (0.0.0.0)
 * Running on http://127.0.0.1:50100
 * Running on http://192.168.1.253:50100
Press CTRL+C to quit
 * Restarting with stat
 * Debugger is active!
 * Debugger PIN: 181-708-871
Exception in thread Thread-1:
Terminate batch job (Y/N)? 
G:\CrevHim\Code\software\test\testall\flask-service>call python app.py 
 * Serving Flask app 'app'
 * Debug mode: on
WARNING: This is a development server. Do not use it in a production deployment. Use a production WSGI server instead.
 * Running on all addresses (0.0.0.0)
 * Running on http://127.0.0.1:50100
 * Running on http://192.168.1.253:50100
Press CTRL+C to quit
 * Restarting with stat
 * Debugger is active!
 * Debugger PIN: 588-379-085
Exception in thread Thread-1:
Traceback (most recent call last):
  File "C:\Users\rhohi\AppData\Local\Programs\Python\Python38\lib\threading.py", line 932, in _bootstrap_inner

G:\CrevHim\Code\software\test\testall\flask-service>call python app.py 
 * Serving Flask app 'app'
 * Debug mode: on
WARNING: This is a development server. Do not use it in a production deployment. Use a production WSGI server instead.
 * Running on all addresses (0.0.0.0)
 * Running on http://127.0.0.1:50100
 * Running on http://192.168.1.253:50100
Press CTRL+C to quit
 * Restarting with stat
 * Debugger is active!
 * Debugger PIN: 828-935-653

G:\CrevHim\Code\software\test\testall\flask-service>call python app.py 
 * Serving Flask app 'app'
 * Debug mode: on
WARNING: This is a development server. Do not use it in a production deployment. Use a production WSGI server instead.
 * Running on all addresses (0.0.0.0)
 * Running on http://127.0.0.1:50100
 * Running on http://192.168.1.244:50100
Press CTRL+C to quit
 * Restarting with stat
 * Debugger is active!
 * Debugger PIN: 828-935-653
Terminate batch job (Y/N)? 
G:\CrevHim\Code\software\test\testall\flask-service>call python app.py 
 * Serving Flask app 'app'
 * Debug mode: on
WARNING: This is a development server. Do not use it in a production deployment. Use a production WSGI server instead.
 * Running on all addresses (0.0.0.0)
 * Running on http://127.0.0.1:50100
 * Running on http://192.168.1.244:50100
Press CTRL+C to quit
 * Restarting with stat
 * Debugger is active!
 * Debugger PIN: 181-708-871

G:\CrevHim\Code\software\test\testall\flask-service>call python app.py 
 * Serving Flask app 'app'
 * Debug mode: on
WARNING: This is a development server. Do not use it in a production deployment. Use a production WSGI server instead.
 * Running on all addresses (0.0.0.0)
 * Running on http://127.0.0.1:50100
 * Running on http://192.168.1.244:50100
Press CTRL+C to quit
 * Restarting with stat
 * Debugger is active!
 * Debugger PIN: 181-708-871

G:\CrevHim\Code\software\test\testall\flask-service>call python app.py 
 * Serving Flask app 'app'
 * Debug mode: on
WARNING: This is a development server. Do not use it in a production deployment. Use a production WSGI server instead.
 * Running on all addresses (0.0.0.0)
 * Running on http://127.0.0.1:50100
 * Running on http://192.168.1.244:50100
Press CTRL+C to quit
 * Restarting with stat
 * Debugger is active!
 * Debugger PIN: 828-935-653
Terminate batch job (Y/N)? 
G:\CrevHim\Code\software\test\testall\flask-service>call python app.py 
 * Serving Flask app 'app'
 * Debug mode: on
WARNING: This is a development server. Do not use it in a production deployment. Use a production WSGI server instead.
 * Running on all addresses (0.0.0.0)
 * Running on http://127.0.0.1:50100
 * Running on http://192.168.1.244:50100
Press CTRL+C to quit
 * Restarting with stat
 * Debugger is active!
 * Debugger PIN: 181-708-871

G:\CrevHim\Code\software\test\testall\flask-service>call python app.py 
 * Serving Flask app 'app'
 * Debug mode: on
WARNING: This is a development server. Do not use it in a production deployment. Use a production WSGI server instead.
 * Running on all addresses (0.0.0.0)
 * Running on http://127.0.0.1:50100
 * Running on http://192.168.1.253:50100
Press CTRL+C to quit
 * Restarting with stat
 * Debugger is active!
 * Debugger PIN: 181-708-871

G:\CrevHim\Code\software\test\testall\flask-service>call python app.py 
 * Serving Flask app 'app'
 * Debug mode: on
WARNING: This is a development server. Do not use it in a production deployment. Use a production WSGI server instead.
 * Running on all addresses (0.0.0.0)
 * Running on http://127.0.0.1:50100
 * Running on http://192.168.1.253:50100
Press CTRL+C to quit
 * Restarting with stat
 * Debugger is active!
 * Debugger PIN: 181-708-871

G:\CrevHim\Code\software\test\testall\flask-service>call python app.py 
 * Serving Flask app 'app'
 * Debug mode: on
WARNING: This is a development server. Do not use it in a production deployment. Use a production WSGI server instead.
 * Running on all addresses (0.0.0.0)
 * Running on http://127.0.0.1:50100
 * Running on http://192.168.1.253:50100
Press CTRL+C to quit
 * Restarting with stat
 * Debugger is active!
 * Debugger PIN: 181-708-871

G:\CrevHim\Code\software\test\testall\flask-service>call python app.py 
 * Serving Flask app 'app'
 * Debug mode: on
WARNING: This is a development server. Do not use it in a production deployment. Use a production WSGI server instead.
 * Running on all addresses (0.0.0.0)
 * Running on http://127.0.0.1:50100
 * Running on http://192.168.1.253:50100
Press CTRL+C to quit
 * Restarting with stat
 * Debugger is active!
 * Debugger PIN: 181-708-871

G:\CrevHim\Code\software\test\testall\flask-service>call python app.py 
 * Serving Flask app 'app'
 * Debug mode: on
WARNING: This is a development server. Do not use it in a production deployment. Use a production WSGI server instead.
 * Running on all addresses (0.0.0.0)
 * Running on http://127.0.0.1:50100
 * Running on http://192.168.1.253:50100
Press CTRL+C to quit
 * Restarting with stat
 * Debugger is active!
 * Debugger PIN: 181-708-871

G:\CrevHim\Code\software\test\testall\flask-service>call python app.py 
 * Serving Flask app 'app'
 * Debug mode: on
WARNING: This is a development server. Do not use it in a production deployment. Use a production WSGI server instead.
 * Running on all addresses (0.0.0.0)
 * Running on http://127.0.0.1:50100
 * Running on http://192.168.1.253:50100
Press CTRL+C to quit
 * Restarting with stat
 * Debugger is active!
 * Debugger PIN: 181-708-871

G:\CrevHim\Code\software\test\testall\flask-service>call python app.py 
 * Serving Flask app 'app'
 * Debug mode: on
WARNING: This is a development server. Do not use it in a production deployment. Use a production WSGI server instead.
 * Running on all addresses (0.0.0.0)
 * Running on http://127.0.0.1:50100
 * Running on http://192.168.1.253:50100
Press CTRL+C to quit
 * Restarting with stat
 * Debugger is active!
 * Debugger PIN: 181-708-871

G:\CrevHim\Code\software\test\testall\flask-service>call python app.py 
 * Serving Flask app 'app'
 * Debug mode: on
WARNING: This is a development server. Do not use it in a production deployment. Use a production WSGI server instead.
 * Running on all addresses (0.0.0.0)
 * Running on http://127.0.0.1:50100
 * Running on http://192.168.1.253:50100
Press CTRL+C to quit
 * Restarting with stat
 * Debugger is active!
 * Debugger PIN: 181-708-871

G:\CrevHim\Code\software\test\testall\flask-service>call python app.py 
 * Serving Flask app 'app'
 * Debug mode: on
WARNING: This is a development server. Do not use it in a production deployment. Use a production WSGI server instead.
 * Running on all addresses (0.0.0.0)
 * Running on http://127.0.0.1:50100
 * Running on http://192.168.1.253:50100
Press CTRL+C to quit
 * Restarting with stat
 * Debugger is active!
 * Debugger PIN: 588-379-085

G:\CrevHim\Code\software\test\testall\flask-service>call python app.py 
 * Serving Flask app 'app'
 * Debug mode: on
WARNING: This is a development server. Do not use it in a production deployment. Use a production WSGI server instead.
 * Running on all addresses (0.0.0.0)
 * Running on http://127.0.0.1:50100
 * Running on http://192.168.1.253:50100
Press CTRL+C to quit
 * Restarting with stat
 * Debugger is active!
 * Debugger PIN: 181-708-871

G:\CrevHim\Code\software\test\testall\flask-service>call python app.py 
 * Serving Flask app 'app'
 * Debug mode: on
WARNING: This is a development server. Do not use it in a production deployment. Use a production WSGI server instead.
 * Running on all addresses (0.0.0.0)
 * Running on http://127.0.0.1:50100
 * Running on http://192.168.1.253:50100
Press CTRL+C to quit
 * Restarting with stat
 * Debugger is active!
 * Debugger PIN: 181-708-871

G:\CrevHim\Code\software\test\testall\flask-service>call python app.py 
 * Serving Flask app 'app'
 * Debug mode: on
WARNING: This is a development server. Do not use it in a production deployment. Use a production WSGI server instead.
 * Running on all addresses (0.0.0.0)
 * Running on http://127.0.0.1:50100
 * Running on http://192.168.1.253:50100
Press CTRL+C to quit
 * Restarting with stat
 * Debugger is active!
 * Debugger PIN: 181-708-871

G:\CrevHim\Code\software\test\testall\flask-service>call python app.py 
 * Serving Flask app 'app'
 * Debug mode: on
WARNING: This is a development server. Do not use it in a production deployment. Use a production WSGI server instead.
 * Running on all addresses (0.0.0.0)
 * Running on http://127.0.0.1:50100
 * Running on http://192.168.1.253:50100
Press CTRL+C to quit
 * Restarting with stat
 * Debugger is active!
 * Debugger PIN: 588-379-085

G:\CrevHim\Code\software\test\testall\flask-service>call python app.py 
 * Serving Flask app 'app'
 * Debug mode: on
WARNING: This is a development server. Do not use it in a production deployment. Use a production WSGI server instead.
 * Running on all addresses (0.0.0.0)
 * Running on http://127.0.0.1:50100
 * Running on http://192.168.1.253:50100
Press CTRL+C to quit
 * Restarting with stat
 * Debugger is active!
 * Debugger PIN: 588-379-085

G:\CrevHim\Code\software\test\testall\flask-service>call python app.py 
 * Serving Flask app 'app'
 * Debug mode: on
WARNING: This is a development server. Do not use it in a production deployment. Use a production WSGI server instead.
 * Running on all addresses (0.0.0.0)
 * Running on http://127.0.0.1:50100
 * Running on http://192.168.1.253:50100
Press CTRL+C to quit
 * Restarting with stat
 * Debugger is active!
 * Debugger PIN: 588-379-085

G:\CrevHim\Code\software\test\testall\flask-service>call python app.py 
 * Serving Flask app 'app'
 * Debug mode: on
WARNING: This is a development server. Do not use it in a production deployment. Use a production WSGI server instead.
 * Running on all addresses (0.0.0.0)
 * Running on http://127.0.0.1:50100
 * Running on http://192.168.1.253:50100
Press CTRL+C to quit
 * Restarting with stat
 * Debugger is active!
 * Debugger PIN: 181-708-871

G:\CrevHim\Code\software\test\testall\flask-service>call python app.py 
 * Serving Flask app 'app'
 * Debug mode: on
WARNING: This is a development server. Do not use it in a production deployment. Use a production WSGI server instead.
 * Running on all addresses (0.0.0.0)
 * Running on http://127.0.0.1:50100
 * Running on http://192.168.1.253:50100
Press CTRL+C to quit
 * Restarting with stat
 * Debugger is active!
 * Debugger PIN: 181-708-871

G:\CrevHim\Code\software\test\testall\flask-service>call python app.py 
 * Serving Flask app 'app'
 * Debug mode: on
WARNING: This is a development server. Do not use it in a production deployment. Use a production WSGI server instead.
 * Running on all addresses (0.0.0.0)
 * Running on http://127.0.0.1:50100
 * Running on http://192.168.1.253:50100
Press CTRL+C to quit
 * Restarting with stat
 * Debugger is active!
 * Debugger PIN: 588-379-085

G:\CrevHim\Code\software\test\testall\flask-service>call python app.py 
 * Serving Flask app 'app'
 * Debug mode: on
WARNING: This is a development server. Do not use it in a production deployment. Use a production WSGI server instead.
 * Running on all addresses (0.0.0.0)
 * Running on http://127.0.0.1:50100
 * Running on http://192.168.1.253:50100
Press CTRL+C to quit
 * Restarting with stat
 * Debugger is active!
 * Debugger PIN: 588-379-085

G:\CrevHim\Code\software\test\testall\flask-service>call python app.py 
 * Serving Flask app 'app'
 * Debug mode: on
WARNING: This is a development server. Do not use it in a production deployment. Use a production WSGI server instead.
 * Running on all addresses (0.0.0.0)
 * Running on http://127.0.0.1:50100
 * Running on http://192.168.1.253:50100
Press CTRL+C to quit
 * Restarting with stat
 * Debugger is active!
 * Debugger PIN: 181-708-871

G:\CrevHim\Code\software\test\testall\flask-service>call python app.py 
 * Serving Flask app 'app'
 * Debug mode: on
WARNING: This is a development server. Do not use it in a production deployment. Use a production WSGI server instead.
 * Running on all addresses (0.0.0.0)
 * Running on http://127.0.0.1:50100
 * Running on http://192.168.1.253:50100
Press CTRL+C to quit
 * Restarting with stat
 * Debugger is active!
 * Debugger PIN: 181-708-871

G:\CrevHim\Code\software\test\testall\flask-service>call python app.py 
 * Serving Flask app 'app'
 * Debug mode: on
WARNING: This is a development server. Do not use it in a production deployment. Use a production WSGI server instead.
 * Running on all addresses (0.0.0.0)
 * Running on http://127.0.0.1:50100
 * Running on http://192.168.1.253:50100
Press CTRL+C to quit
 * Restarting with stat
 * Debugger is active!
 * Debugger PIN: 181-708-871

G:\CrevHim\Code\software\test\testall\flask-service>call python app.py 
 * Serving Flask app 'app'
 * Debug mode: on
WARNING: This is a development server. Do not use it in a production deployment. Use a production WSGI server instead.
 * Running on all addresses (0.0.0.0)
 * Running on http://127.0.0.1:50100
 * Running on http://192.168.1.253:50100
Press CTRL+C to quit
 * Restarting with stat
 * Debugger is active!
 * Debugger PIN: 181-708-871

G:\CrevHim\Code\software\test\testall\flask-service>call python app.py 
 * Serving Flask app 'app'
 * Debug mode: on
WARNING: This is a development server. Do not use it in a production deployment. Use a production WSGI server instead.
 * Running on all addresses (0.0.0.0)
 * Running on http://127.0.0.1:50100
 * Running on http://192.168.1.253:50100
Press CTRL+C to quit
 * Restarting with stat
 * Debugger is active!
 * Debugger PIN: 181-708-871
Exception in thread Thread-1:
Traceback (most recent call last):
  File "C:\Users\rhohi\AppData\Local\Programs\Python\Python38\lib\threading.py", line 932, in _bootstrap_inner
    self.run()
  File "C:\Users\rhohi\AppData\Local\Programs\Python\Python38\lib\threading.py", line 870, in run

G:\CrevHim\Code\software\test\testall\flask-service>call python app.py 
 * Serving Flask app 'app'
 * Debug mode: on
WARNING: This is a development server. Do not use it in a production deployment. Use a production WSGI server instead.
 * Running on all addresses (0.0.0.0)
 * Running on http://127.0.0.1:50100
 * Running on http://192.168.1.253:50100
Press CTRL+C to quit
 * Restarting with stat
 * Debugger is active!
 * Debugger PIN: 181-708-871
Exception in thread Thread-1:
Traceback (most recent call last):
  File "C:\Users\rhohi\AppData\Local\Programs\Python\Python38\lib\threading.py", line 932, in _bootstrap_inner
Terminate batch job (Y/N)? 
G:\CrevHim\Code\software\test\testall\flask-service>call python app.py 
 * Serving Flask app 'app'
 * Debug mode: on
WARNING: This is a development server. Do not use it in a production deployment. Use a production WSGI server instead.
 * Running on all addresses (0.0.0.0)
 * Running on http://127.0.0.1:50100
 * Running on http://192.168.1.253:50100
Press CTRL+C to quit
 * Restarting with stat
 * Debugger is active!
 * Debugger PIN: 181-708-871

G:\CrevHim\Code\software\test\testall\flask-service>call python app.py 
 * Serving Flask app 'app'
 * Debug mode: on
WARNING: This is a development server. Do not use it in a production deployment. Use a production WSGI server instead.
 * Running on all addresses (0.0.0.0)
 * Running on http://127.0.0.1:50100
 * Running on http://192.168.1.253:50100
Press CTRL+C to quit
 * Restarting with stat
 * Debugger is active!
 * Debugger PIN: 181-708-871
Exception in thread Thread-1:
Traceback (most recent call last):
  File "C:\Users\rhohi\AppData\Local\Programs\Python\Python38\lib\threading.py", line 932, in _bootstrap_inner
Terminate batch job (Y/N)? 
G:\CrevHim\Code\software\test\testall\flask-service>call python app.py 
 * Serving Flask app 'app'
 * Debug mode: on
WARNING: This is a development server. Do not use it in a production deployment. Use a production WSGI server instead.
 * Running on all addresses (0.0.0.0)
 * Running on http://127.0.0.1:50100
 * Running on http://192.168.1.253:50100
Press CTRL+C to quit
 * Restarting with stat
 * Debugger is active!
 * Debugger PIN: 181-708-871

G:\CrevHim\Code\software\test\testall\flask-service>call python app.py 
 * Serving Flask app 'app'
 * Debug mode: on
WARNING: This is a development server. Do not use it in a production deployment. Use a production WSGI server instead.
 * Running on all addresses (0.0.0.0)
 * Running on http://127.0.0.1:50100
 * Running on http://192.168.1.253:50100
Press CTRL+C to quit
 * Restarting with stat
 * Debugger is active!
 * Debugger PIN: 181-708-871

G:\CrevHim\Code\software\test\testall\flask-service>call python app.py 
 * Serving Flask app 'app'
 * Debug mode: on
WARNING: This is a development server. Do not use it in a production deployment. Use a production WSGI server instead.
 * Running on all addresses (0.0.0.0)
 * Running on http://127.0.0.1:50100
 * Running on http://192.168.1.253:50100
Press CTRL+C to quit
 * Restarting with stat
 * Debugger is active!
 * Debugger PIN: 181-708-871
Terminate batch job (Y/N)? 
G:\CrevHim\Code\software\test\testall\flask-service>call python app.py 
 * Serving Flask app 'app'
 * Debug mode: on
WARNING: This is a development server. Do not use it in a production deployment. Use a production WSGI server instead.
 * Running on all addresses (0.0.0.0)
 * Running on http://127.0.0.1:50100
 * Running on http://192.168.1.253:50100
Press CTRL+C to quit
 * Restarting with stat
 * Debugger is active!
 * Debugger PIN: 181-708-871
Terminate batch job (Y/N)? 
G:\CrevHim\Code\software\test\testall\flask-service>call python app.py 
 * Serving Flask app 'app'
 * Debug mode: on
WARNING: This is a development server. Do not use it in a production deployment. Use a production WSGI server instead.
 * Running on all addresses (0.0.0.0)
 * Running on http://127.0.0.1:50100
 * Running on http://192.168.1.253:50100
Press CTRL+C to quit
 * Restarting with stat
 * Debugger is active!
 * Debugger PIN: 181-708-871
Terminate batch job (Y/N)? 
G:\CrevHim\Code\software\test\testall\flask-service>call python app.py 
 * Serving Flask app 'app'
 * Debug mode: on
WARNING: This is a development server. Do not use it in a production deployment. Use a production WSGI server instead.
 * Running on all addresses (0.0.0.0)
 * Running on http://127.0.0.1:50100
 * Running on http://192.168.1.253:50100
Press CTRL+C to quit
 * Restarting with stat
 * Debugger is active!
 * Debugger PIN: 181-708-871

G:\CrevHim\Code\software\test\testall\flask-service>call python app.py 
 * Serving Flask app 'app'
 * Debug mode: on
WARNING: This is a development server. Do not use it in a production deployment. Use a production WSGI server instead.
 * Running on all addresses (0.0.0.0)
 * Running on http://127.0.0.1:50100
 * Running on http://192.168.1.253:50100
Press CTRL+C to quit
 * Restarting with stat
 * Debugger is active!
 * Debugger PIN: 181-708-871

G:\CrevHim\Code\software\test\testall\flask-service>call python app.py 
 * Serving Flask app 'app'
 * Debug mode: on
WARNING: This is a development server. Do not use it in a production deployment. Use a production WSGI server instead.
 * Running on all addresses (0.0.0.0)
 * Running on http://127.0.0.1:50100
 * Running on http://192.168.1.253:50100
Press CTRL+C to quit
 * Restarting with stat
 * Debugger is active!
 * Debugger PIN: 181-708-871

G:\CrevHim\Code\software\test\testall\flask-service>call python app.py 
 * Serving Flask app 'app'
 * Debug mode: on
WARNING: This is a development server. Do not use it in a production deployment. Use a production WSGI server instead.
 * Running on all addresses (0.0.0.0)
 * Running on http://127.0.0.1:50100
 * Running on http://192.168.1.253:50100
Press CTRL+C to quit
 * Restarting with stat
 * Debugger is active!
 * Debugger PIN: 181-708-871

G:\CrevHim\Code\software\test\testall\flask-service>call python app.py 
 * Serving Flask app 'app'
 * Debug mode: on
WARNING: This is a development server. Do not use it in a production deployment. Use a production WSGI server instead.
 * Running on all addresses (0.0.0.0)
 * Running on http://127.0.0.1:50100
 * Running on http://192.168.1.253:50100
Press CTRL+C to quit
 * Restarting with stat
 * Debugger is active!
 * Debugger PIN: 181-708-871

G:\CrevHim\Code\software\test\testall\flask-service>call python app.py 
 * Serving Flask app 'app'
 * Debug mode: on
WARNING: This is a development server. Do not use it in a production deployment. Use a production WSGI server instead.
 * Running on all addresses (0.0.0.0)
 * Running on http://127.0.0.1:50100
 * Running on http://192.168.1.253:50100
Press CTRL+C to quit
 * Restarting with stat
 * Debugger is active!
 * Debugger PIN: 181-708-871
Terminate batch job (Y/N)? 
G:\CrevHim\Code\software\test\testall\flask-service>call python app.py 
 * Serving Flask app 'app'
 * Debug mode: on
WARNING: This is a development server. Do not use it in a production deployment. Use a production WSGI server instead.
 * Running on all addresses (0.0.0.0)
 * Running on http://127.0.0.1:50100
 * Running on http://192.168.1.253:50100
Press CTRL+C to quit
 * Restarting with stat
 * Debugger is active!
 * Debugger PIN: 181-708-871

G:\CrevHim\Code\software\test\testall\flask-service>call python app.py 
 * Serving Flask app 'app'
 * Debug mode: on
WARNING: This is a development server. Do not use it in a production deployment. Use a production WSGI server instead.
 * Running on all addresses (0.0.0.0)
 * Running on http://127.0.0.1:50100
 * Running on http://192.168.50.139:50100
Press CTRL+C to quit
 * Restarting with stat
 * Debugger is active!
 * Debugger PIN: 181-708-871

G:\CrevHim\Code\software\test\testall\flask-service>call python app.py 
 * Serving Flask app 'app'
 * Debug mode: on
WARNING: This is a development server. Do not use it in a production deployment. Use a production WSGI server instead.
 * Running on all addresses (0.0.0.0)
 * Running on http://127.0.0.1:50100
 * Running on http://192.168.1.253:50100
Press CTRL+C to quit
 * Restarting with stat
 * Debugger is active!
 * Debugger PIN: 181-708-871
Terminate batch job (Y/N)? 
G:\CrevHim\Code\software\test\testall\flask-service>call python app.py 
 * Serving Flask app 'app'
 * Debug mode: on
WARNING: This is a development server. Do not use it in a production deployment. Use a production WSGI server instead.
 * Running on all addresses (0.0.0.0)
 * Running on http://127.0.0.1:50100
 * Running on http://192.168.1.253:50100
Press CTRL+C to quit
 * Restarting with stat
 * Debugger is active!
 * Debugger PIN: 181-708-871
Terminate batch job (Y/N)? 
G:\CrevHim\Code\software\test\testall\flask-service>call python app.py 
 * Serving Flask app 'app'
 * Debug mode: on
WARNING: This is a development server. Do not use it in a production deployment. Use a production WSGI server instead.
 * Running on all addresses (0.0.0.0)
 * Running on http://127.0.0.1:50100
 * Running on http://192.168.1.253:50100
Press CTRL+C to quit
 * Restarting with stat
 * Debugger is active!
 * Debugger PIN: 181-708-871

G:\CrevHim\Code\software\test\testall\flask-service>call python app.py 
 * Serving Flask app 'app'
 * Debug mode: on
WARNING: This is a development server. Do not use it in a production deployment. Use a production WSGI server instead.
 * Running on all addresses (0.0.0.0)
 * Running on http://127.0.0.1:50100
 * Running on http://192.168.1.253:50100
Press CTRL+C to quit
 * Restarting with stat
 * Debugger is active!
 * Debugger PIN: 181-708-871

G:\CrevHim\Code\software\test\testall\flask-service>call python app.py 
 * Serving Flask app 'app'
 * Debug mode: on
WARNING: This is a development server. Do not use it in a production deployment. Use a production WSGI server instead.
 * Running on all addresses (0.0.0.0)
 * Running on http://127.0.0.1:50100
 * Running on http://127.0.0.1:50100
Press CTRL+C to quit
 * Restarting with stat
 * Debugger is active!
 * Debugger PIN: 181-708-871
Terminate batch job (Y/N)? 
G:\CrevHim\Code\software\test\testall\flask-service>call python app.py 
 * Serving Flask app 'app'
 * Debug mode: on
WARNING: This is a development server. Do not use it in a production deployment. Use a production WSGI server instead.
 * Running on all addresses (0.0.0.0)
 * Running on http://127.0.0.1:50100
 * Running on http://192.168.1.253:50100
Press CTRL+C to quit
 * Restarting with stat
 * Debugger is active!
 * Debugger PIN: 181-708-871
Terminate batch job (Y/N)? 
G:\CrevHim\Code\software\test\testall\flask-service>call python app.py 
 * Serving Flask app 'app'
 * Debug mode: on
WARNING: This is a development server. Do not use it in a production deployment. Use a production WSGI server instead.
 * Running on all addresses (0.0.0.0)
 * Running on http://127.0.0.1:50100
 * Running on http://192.168.1.253:50100
Press CTRL+C to quit
 * Restarting with stat
 * Debugger is active!
 * Debugger PIN: 181-708-871

G:\CrevHim\Code\software\test\testall\flask-service>call python app.py 
 * Serving Flask app 'app'
 * Debug mode: on
WARNING: This is a development server. Do not use it in a production deployment. Use a production WSGI server instead.
 * Running on all addresses (0.0.0.0)
 * Running on http://127.0.0.1:50100
 * Running on http://192.168.1.253:50100
Press CTRL+C to quit
 * Restarting with stat
 * Debugger is active!
 * Debugger PIN: 181-708-871

G:\CrevHim\Code\software\test\testall\flask-service>call python app.py 
 * Serving Flask app 'app'
 * Debug mode: on
WARNING: This is a development server. Do not use it in a production deployment. Use a production WSGI server instead.
 * Running on all addresses (0.0.0.0)
 * Running on http://127.0.0.1:50100
 * Running on http://192.168.1.253:50100
Press CTRL+C to quit
 * Restarting with stat
 * Debugger is active!
 * Debugger PIN: 181-708-871
Terminate batch job (Y/N)? 
G:\CrevHim\Code\software\test\testall\flask-service>call python app.py 
 * Serving Flask app 'app'
 * Debug mode: on
WARNING: This is a development server. Do not use it in a production deployment. Use a production WSGI server instead.
 * Running on all addresses (0.0.0.0)
 * Running on http://127.0.0.1:50100
 * Running on http://192.168.1.253:50100
Press CTRL+C to quit
 * Restarting with stat
 * Debugger is active!
 * Debugger PIN: 181-708-871
Exception in thread Thread-1:
Traceback (most recent call last):
  File "C:\Users\rhohi\AppData\Local\Programs\Python\Python38\lib\threading.py", line 932, in _bootstrap_inner
Terminate batch job (Y/N)? 
G:\CrevHim\Code\software\test\testall\flask-service>call python app.py 
 * Serving Flask app 'app'
 * Debug mode: on
WARNING: This is a development server. Do not use it in a production deployment. Use a production WSGI server instead.
 * Running on all addresses (0.0.0.0)
 * Running on http://127.0.0.1:50100
 * Running on http://192.168.1.253:50100
Press CTRL+C to quit
 * Restarting with stat
 * Debugger is active!
 * Debugger PIN: 181-708-871
Terminate batch job (Y/N)? 
G:\CrevHim\Code\software\test\testall\flask-service>call python app.py 
 * Serving Flask app 'app'
 * Debug mode: on
WARNING: This is a development server. Do not use it in a production deployment. Use a production WSGI server instead.
 * Running on all addresses (0.0.0.0)
 * Running on http://127.0.0.1:50100
 * Running on http://192.168.1.253:50100
Press CTRL+C to quit
 * Restarting with stat
 * Debugger is active!
 * Debugger PIN: 181-708-871
Exception in thread Thread-1:
Traceback (most recent call last):
  File "C:\Users\rhohi\AppData\Local\Programs\Python\Python38\lib\threading.py", line 932, in _bootstrap_inner
Terminate batch job (Y/N)? 
G:\CrevHim\Code\software\test\testall\flask-service>call python app.py 
 * Serving Flask app 'app'
 * Debug mode: on
WARNING: This is a development server. Do not use it in a production deployment. Use a production WSGI server instead.
 * Running on all addresses (0.0.0.0)
 * Running on http://127.0.0.1:50100
 * Running on http://192.168.1.253:50100
Press CTRL+C to quit
 * Restarting with stat
 * Debugger is active!
 * Debugger PIN: 181-708-871
Terminate batch job (Y/N)? 
G:\CrevHim\Code\software\test\testall\flask-service>call python app.py 
 * Serving Flask app 'app'
 * Debug mode: on
WARNING: This is a development server. Do not use it in a production deployment. Use a production WSGI server instead.
 * Running on all addresses (0.0.0.0)
 * Running on http://127.0.0.1:50100
 * Running on http://192.168.1.253:50100
Press CTRL+C to quit
 * Restarting with stat
 * Debugger is active!
 * Debugger PIN: 181-708-871

G:\CrevHim\Code\software\test\testall\flask-service>call python app.py 
 * Serving Flask app 'app'
 * Debug mode: on
WARNING: This is a development server. Do not use it in a production deployment. Use a production WSGI server instead.
 * Running on all addresses (0.0.0.0)
 * Running on http://127.0.0.1:50100
 * Running on http://192.168.1.253:50100
Press CTRL+C to quit
 * Restarting with stat
 * Debugger is active!
 * Debugger PIN: 181-708-871
Terminate batch job (Y/N)? 
G:\CrevHim\Code\software\test\testall\flask-service>call python app.py 
 * Serving Flask app 'app'
 * Debug mode: on
WARNING: This is a development server. Do not use it in a production deployment. Use a production WSGI server instead.
 * Running on all addresses (0.0.0.0)
 * Running on http://127.0.0.1:50100
 * Running on http://192.168.1.253:50100
Press CTRL+C to quit
 * Restarting with stat
 * Debugger is active!
 * Debugger PIN: 181-708-871
Terminate batch job (Y/N)? 
G:\CrevHim\Code\software\test\testall\flask-service>call python app.py 
 * Serving Flask app 'app'
 * Debug mode: on
WARNING: This is a development server. Do not use it in a production deployment. Use a production WSGI server instead.
 * Running on all addresses (0.0.0.0)
 * Running on http://127.0.0.1:50100
 * Running on http://192.168.1.253:50100
Press CTRL+C to quit
 * Restarting with stat
 * Debugger is active!
 * Debugger PIN: 181-708-871
Terminate batch job (Y/N)? 
G:\CrevHim\Code\software\test\testall\flask-service>call python app.py 
 * Serving Flask app 'app'
 * Debug mode: on
WARNING: This is a development server. Do not use it in a production deployment. Use a production WSGI server instead.
 * Running on all addresses (0.0.0.0)
 * Running on http://127.0.0.1:50100
 * Running on http://192.168.1.253:50100
Press CTRL+C to quit
 * Restarting with stat
 * Debugger is active!
 * Debugger PIN: 181-708-871

G:\CrevHim\Code\software\test\testall\flask-service>call python app.py 
 * Serving Flask app 'app'
 * Debug mode: on
WARNING: This is a development server. Do not use it in a production deployment. Use a production WSGI server instead.
 * Running on all addresses (0.0.0.0)
 * Running on http://127.0.0.1:50100
 * Running on http://192.168.1.253:50100
Press CTRL+C to quit
 * Restarting with stat
 * Debugger is active!
 * Debugger PIN: 181-708-871

G:\CrevHim\Code\software\test\testall\flask-service>call python app.py 
 * Serving Flask app 'app'
 * Debug mode: on
WARNING: This is a development server. Do not use it in a production deployment. Use a production WSGI server instead.
 * Running on all addresses (0.0.0.0)
 * Running on http://127.0.0.1:50100
 * Running on http://192.168.1.253:50100
Press CTRL+C to quit
 * Restarting with stat
 * Debugger is active!
 * Debugger PIN: 181-708-871

G:\CrevHim\Code\software\test\testall\flask-service>call python app.py 
 * Serving Flask app 'app'
 * Debug mode: on
WARNING: This is a development server. Do not use it in a production deployment. Use a production WSGI server instead.
 * Running on all addresses (0.0.0.0)
 * Running on http://127.0.0.1:50100
 * Running on http://192.168.1.253:50100
Press CTRL+C to quit
 * Restarting with stat
 * Debugger is active!
 * Debugger PIN: 181-708-871
Terminate batch job (Y/N)? 
G:\CrevHim\Code\software\test\testall\flask-service>call python app.py 
 * Serving Flask app 'app'
 * Debug mode: on
WARNING: This is a development server. Do not use it in a production deployment. Use a production WSGI server instead.
 * Running on all addresses (0.0.0.0)
 * Running on http://127.0.0.1:50100
 * Running on http://192.168.1.253:50100
Press CTRL+C to quit
 * Restarting with stat
 * Debugger is active!
 * Debugger PIN: 181-708-871
Terminate batch job (Y/N)? 
G:\CrevHim\Code\software\test\testall\flask-service>call python app.py 
 * Serving Flask app 'app'
 * Debug mode: on
WARNING: This is a development server. Do not use it in a production deployment. Use a production WSGI server instead.
 * Running on all addresses (0.0.0.0)
 * Running on http://127.0.0.1:50100
 * Running on http://192.168.1.253:50100
Press CTRL+C to quit
 * Restarting with stat
 * Debugger is active!
 * Debugger PIN: 181-708-871

G:\CrevHim\Code\software\test\testall\flask-service>call python app.py 
 * Serving Flask app 'app'
 * Debug mode: on
WARNING: This is a development server. Do not use it in a production deployment. Use a production WSGI server instead.
 * Running on all addresses (0.0.0.0)
 * Running on http://127.0.0.1:50100
 * Running on http://192.168.1.253:50100
Press CTRL+C to quit
 * Restarting with stat
 * Debugger is active!
 * Debugger PIN: 181-708-871
Terminate batch job (Y/N)? 
G:\CrevHim\Code\software\test\testall\flask-service>call python app.py 
 * Serving Flask app 'app'
 * Debug mode: on
WARNING: This is a development server. Do not use it in a production deployment. Use a production WSGI server instead.
 * Running on all addresses (0.0.0.0)
 * Running on http://127.0.0.1:50100
 * Running on http://192.168.1.253:50100
Press CTRL+C to quit
 * Restarting with stat
 * Debugger is active!
 * Debugger PIN: 181-708-871
Terminate batch job (Y/N)? 
G:\CrevHim\Code\software\test\testall\flask-service>call python app.py 
 * Serving Flask app 'app'
 * Debug mode: on
WARNING: This is a development server. Do not use it in a production deployment. Use a production WSGI server instead.
 * Running on all addresses (0.0.0.0)
 * Running on http://127.0.0.1:50100
 * Running on http://192.168.1.253:50100
Press CTRL+C to quit
 * Restarting with stat
 * Debugger is active!
 * Debugger PIN: 181-708-871

G:\CrevHim\Code\software\test\testall\flask-service>call python app.py 
 * Serving Flask app 'app'
 * Debug mode: on
WARNING: This is a development server. Do not use it in a production deployment. Use a production WSGI server instead.
 * Running on all addresses (0.0.0.0)
 * Running on http://127.0.0.1:50100
 * Running on http://192.168.1.253:50100
Press CTRL+C to quit
 * Restarting with stat
 * Debugger is active!
 * Debugger PIN: 181-708-871
Terminate batch job (Y/N)? 
G:\CrevHim\Code\software\test\testall\flask-service>call python app.py 
 * Serving Flask app 'app'
 * Debug mode: on
WARNING: This is a development server. Do not use it in a production deployment. Use a production WSGI server instead.
 * Running on all addresses (0.0.0.0)
 * Running on http://127.0.0.1:50100
 * Running on http://192.168.1.253:50100
Press CTRL+C to quit
 * Restarting with stat
 * Debugger is active!
 * Debugger PIN: 181-708-871
Exception in thread Thread-1:
Traceback (most recent call last):
  File "C:\Users\rhohi\AppData\Local\Programs\Python\Python38\lib\threading.py", line 932, in _bootstrap_inner
Terminate batch job (Y/N)? 
G:\CrevHim\Code\software\test\testall\flask-service>call python app.py 
 * Serving Flask app 'app'
 * Debug mode: on
WARNING: This is a development server. Do not use it in a production deployment. Use a production WSGI server instead.
 * Running on all addresses (0.0.0.0)
 * Running on http://127.0.0.1:50100
 * Running on http://192.168.1.253:50100
Press CTRL+C to quit
 * Restarting with stat
 * Debugger is active!
 * Debugger PIN: 588-379-085
Terminate batch job (Y/N)? 
G:\CrevHim\Code\software\test\testall\flask-service>call python app.py 
 * Serving Flask app 'app'
 * Debug mode: on
WARNING: This is a development server. Do not use it in a production deployment. Use a production WSGI server instead.
 * Running on all addresses (0.0.0.0)
 * Running on http://127.0.0.1:50100
 * Running on http://192.168.1.253:50100
Press CTRL+C to quit
 * Restarting with stat
 * Debugger is active!
 * Debugger PIN: 181-708-871
Exception in thread Thread-1:
Traceback (most recent call last):
  File "C:\Users\rhohi\AppData\Local\Programs\Python\Python38\lib\threading.py", line 932, in _bootstrap_inner
    self.run()
  File "C:\Users\rhohi\AppData\Local\Programs\Python\Python38\lib\threading.py", line 870, in run
Terminate batch job (Y/N)? 
G:\CrevHim\Code\software\test\testall\flask-service>call python app.py 
 * Serving Flask app 'app'
 * Debug mode: on
WARNING: This is a development server. Do not use it in a production deployment. Use a production WSGI server instead.
 * Running on all addresses (0.0.0.0)
 * Running on http://127.0.0.1:50100
 * Running on http://192.168.1.253:50100
Press CTRL+C to quit
 * Restarting with stat
 * Debugger is active!
 * Debugger PIN: 181-708-871

G:\CrevHim\Code\software\test\testall\flask-service>call python app.py 
 * Serving Flask app 'app'
 * Debug mode: on
WARNING: This is a development server. Do not use it in a production deployment. Use a production WSGI server instead.
 * Running on all addresses (0.0.0.0)
 * Running on http://127.0.0.1:50100
 * Running on http://192.168.1.253:50100
Press CTRL+C to quit
 * Restarting with stat
 * Debugger is active!
 * Debugger PIN: 181-708-871
Terminate batch job (Y/N)? 
G:\CrevHim\Code\software\test\testall\flask-service>call python app.py 
 * Serving Flask app 'app'
 * Debug mode: on
WARNING: This is a development server. Do not use it in a production deployment. Use a production WSGI server instead.
 * Running on all addresses (0.0.0.0)
 * Running on http://127.0.0.1:50100
 * Running on http://192.168.1.253:50100
Press CTRL+C to quit
 * Restarting with stat
 * Debugger is active!
 * Debugger PIN: 181-708-871

G:\CrevHim\Code\software\test\testall\flask-service>call python app.py 
 * Serving Flask app 'app'
 * Debug mode: on
WARNING: This is a development server. Do not use it in a production deployment. Use a production WSGI server instead.
 * Running on all addresses (0.0.0.0)
 * Running on http://127.0.0.1:50100
 * Running on http://192.168.1.253:50100
Press CTRL+C to quit
 * Restarting with stat
 * Debugger is active!
 * Debugger PIN: 181-708-871
Terminate batch job (Y/N)? 
G:\CrevHim\Code\software\test\testall\flask-service>call python app.py 
 * Serving Flask app 'app'
 * Debug mode: on
WARNING: This is a development server. Do not use it in a production deployment. Use a production WSGI server instead.
 * Running on all addresses (0.0.0.0)
 * Running on http://127.0.0.1:50100
 * Running on http://192.168.1.253:50100
Press CTRL+C to quit
 * Restarting with stat
 * Debugger is active!
 * Debugger PIN: 181-708-871
Terminate batch job (Y/N)? 
G:\CrevHim\Code\software\test\testall\flask-service>call python app.py 
 * Serving Flask app 'app'
 * Debug mode: on
WARNING: This is a development server. Do not use it in a production deployment. Use a production WSGI server instead.
 * Running on all addresses (0.0.0.0)
 * Running on http://127.0.0.1:50100
 * Running on http://192.168.1.253:50100
Press CTRL+C to quit
 * Restarting with stat
 * Debugger is active!
 * Debugger PIN: 181-708-871
Terminate batch job (Y/N)? 
G:\CrevHim\Code\software\test\testall\flask-service>call python app.py 
 * Serving Flask app 'app'
 * Debug mode: on
WARNING: This is a development server. Do not use it in a production deployment. Use a production WSGI server instead.
 * Running on all addresses (0.0.0.0)
 * Running on http://127.0.0.1:50100
 * Running on http://192.168.1.253:50100
Press CTRL+C to quit
 * Restarting with stat
 * Debugger is active!
 * Debugger PIN: 181-708-871
Terminate batch job (Y/N)? 
G:\CrevHim\Code\software\test\testall\flask-service>call python app.py 
 * Serving Flask app 'app'
 * Debug mode: on
WARNING: This is a development server. Do not use it in a production deployment. Use a production WSGI server instead.
 * Running on all addresses (0.0.0.0)
 * Running on http://127.0.0.1:50100
 * Running on http://192.168.1.253:50100
Press CTRL+C to quit
 * Restarting with stat
 * Debugger is active!
 * Debugger PIN: 181-708-871
Exception in thread Thread-1:
Traceback (most recent call last):
  File "C:\Users\rhohi\AppData\Local\Programs\Python\Python38\lib\threading.py", line 932, in _bootstrap_inner
Terminate batch job (Y/N)? 
G:\CrevHim\Code\software\test\testall\flask-service>call python app.py 
 * Serving Flask app 'app'
 * Debug mode: on
WARNING: This is a development server. Do not use it in a production deployment. Use a production WSGI server instead.
 * Running on all addresses (0.0.0.0)
 * Running on http://127.0.0.1:50100
 * Running on http://192.168.1.253:50100
Press CTRL+C to quit
 * Restarting with stat
 * Debugger is active!
 * Debugger PIN: 588-379-085
Exception in thread Thread-1:
Traceback (most recent call last):
  File "C:\Users\rhohi\AppData\Local\Programs\Python\Python38\lib\threading.py", line 932, in _bootstrap_inner
Terminate batch job (Y/N)? 
G:\CrevHim\Code\software\test\testall\flask-service>call python app.py 
 * Serving Flask app 'app'
 * Debug mode: on
WARNING: This is a development server. Do not use it in a production deployment. Use a production WSGI server instead.
 * Running on all addresses (0.0.0.0)
 * Running on http://127.0.0.1:50100
 * Running on http://192.168.1.253:50100
Press CTRL+C to quit
 * Restarting with stat
 * Debugger is active!
 * Debugger PIN: 181-708-871

G:\CrevHim\Code\software\test\testall\flask-service>call python app.py 
 * Serving Flask app 'app'
 * Debug mode: on
WARNING: This is a development server. Do not use it in a production deployment. Use a production WSGI server instead.
 * Running on all addresses (0.0.0.0)
 * Running on http://127.0.0.1:50100
 * Running on http://192.168.1.253:50100
Press CTRL+C to quit
 * Restarting with stat
 * Debugger is active!
 * Debugger PIN: 181-708-871
Terminate batch job (Y/N)? 
G:\CrevHim\Code\software\test\testall\flask-service>call python app.py 
 * Serving Flask app 'app'
 * Debug mode: on
WARNING: This is a development server. Do not use it in a production deployment. Use a production WSGI server instead.
 * Running on all addresses (0.0.0.0)
 * Running on http://127.0.0.1:50100
 * Running on http://192.168.1.253:50100
Press CTRL+C to quit
 * Restarting with stat
 * Debugger is active!
 * Debugger PIN: 181-708-871

G:\CrevHim\Code\software\test\testall\flask-service>call python app.py 
 * Serving Flask app 'app'
 * Debug mode: on
WARNING: This is a development server. Do not use it in a production deployment. Use a production WSGI server instead.
 * Running on all addresses (0.0.0.0)
 * Running on http://127.0.0.1:50100
 * Running on http://192.168.1.253:50100
Press CTRL+C to quit
 * Restarting with stat
 * Debugger is active!
 * Debugger PIN: 181-708-871
Terminate batch job (Y/N)? 
G:\CrevHim\Code\software\test\testall\flask-service>call python app.py 
 * Serving Flask app 'app'
 * Debug mode: on
WARNING: This is a development server. Do not use it in a production deployment. Use a production WSGI server instead.
 * Running on all addresses (0.0.0.0)
 * Running on http://127.0.0.1:50100
 * Running on http://192.168.1.253:50100
Press CTRL+C to quit
 * Restarting with stat
 * Debugger is active!
 * Debugger PIN: 129-698-893
Terminate batch job (Y/N)? 
G:\CrevHim\Code\software\test\testall\flask-service>call python app.py 
 * Serving Flask app 'app'
 * Debug mode: on
WARNING: This is a development server. Do not use it in a production deployment. Use a production WSGI server instead.
 * Running on all addresses (0.0.0.0)
 * Running on http://127.0.0.1:50100
 * Running on http://192.168.50.158:50100
Press CTRL+C to quit
 * Restarting with stat
 * Debugger is active!
 * Debugger PIN: 181-708-871

G:\CrevHim\Code\software\test\testall\flask-service>call python app.py 
 * Serving Flask app 'app'
 * Debug mode: on
WARNING: This is a development server. Do not use it in a production deployment. Use a production WSGI server instead.
 * Running on all addresses (0.0.0.0)
 * Running on http://127.0.0.1:50100
 * Running on http://192.168.1.253:50100
Press CTRL+C to quit
 * Restarting with stat
 * Debugger is active!
 * Debugger PIN: 588-379-085

G:\CrevHim\Code\software\test\testall\flask-service>call python app.py 
 * Serving Flask app 'app'
 * Debug mode: on
WARNING: This is a development server. Do not use it in a production deployment. Use a production WSGI server instead.
 * Running on all addresses (0.0.0.0)
 * Running on http://127.0.0.1:50100
 * Running on http://192.168.8.253:50100
Press CTRL+C to quit
 * Restarting with stat
 * Debugger is active!
 * Debugger PIN: 588-379-085

G:\CrevHim\Code\software\test\testall\flask-service>call python app.py 
 * Serving Flask app 'app'
 * Debug mode: on
WARNING: This is a development server. Do not use it in a production deployment. Use a production WSGI server instead.
 * Running on all addresses (0.0.0.0)
 * Running on http://127.0.0.1:50100
 * Running on http://127.0.0.1:50100
Press CTRL+C to quit
 * Restarting with stat
 * Debugger is active!
 * Debugger PIN: 588-379-085

G:\CrevHim\Code\software\test\testall\flask-service>call python app.py 
 * Serving Flask app 'app'
 * Debug mode: on
WARNING: This is a development server. Do not use it in a production deployment. Use a production WSGI server instead.
 * Running on all addresses (0.0.0.0)
 * Running on http://127.0.0.1:50100
 * Running on http://192.168.1.253:50100
Press CTRL+C to quit
 * Restarting with stat
 * Debugger is active!
 * Debugger PIN: 181-708-871
